$ next build
⚠ Warning: Next.js inferred your workspace root, but it may not be correct.
 We detected multiple lockfiles and selected the directory of /home/toshok/education/MyApp/MemberStack/pnpm-workspace.yaml as the root directory.
 To silence this warning, set `turbopack.root` in your Next.js config, or consider removing one of the lockfiles if it's not needed.
   See https://nextjs.org/docs/app/api-reference/config/next-config-js/turbopack#root-directory for more information.
 Detected additional lockfiles: 
   * /home/toshok/education/MyApp/MemberStack/apps/web/pnpm-workspace.yaml

▲ Next.js 16.2.5 (Turbopack)
- Environments: .env.local

  Running TypeScript ...
Failed to type check.

./src/domains/Attendance/components/CheckInModal/CheckIn.tsx:37:19
Type error: Property 'activeSubscription' does not exist on type 'Member'. Did you mean 'latestSubscription'?

  [90m35 |[0m
  [90m36 |[0m     [36mreturn[0m members.filter((member) => {
[31m[1m>[0m [90m37 |[0m       [36mif[0m (!member.activeSubscription) {
  [90m   |[0m                   [31m[1m^[0m
  [90m38 |[0m         [36mreturn[0m [36mfalse[0m
  [90m39 |[0m       }
  [90m40 |[0m
Next.js build worker exited with code: 1 and signal: null
uncaughtException Error: kill EACCES
    at ignore-listed frames {
  errno: -13,
  code: 'EACCES',
  syscall: 'kill'
}
[ELIFECYCLE] Command failed with exit code 1.
